{
  "rows": [{
      "alphatest": 900,
      "soltarget": 10,
      "lsoltarget": 25,
      "maxtesprice": 5000,
      "mintesprice": 50,
      "calibrate": 10,
      "maxtesscale": 20,
      "mintesscale": 1,
      "reservecut": 20,
      "savingscut": 10,
      "maxlends": 30,
      "freezelevel": 0,
      "assetouttime": 2,
      "initialvig": 0,
      "viglifeline": 3,
      "vigordaccut": 10,
      "newacctlim": 10,
      "newacctsec": 86400,
      "reqstake": 100,
      "staketime": 259200,
      "repanniv": 2592000,
      "maxdisc": 25,
      "exectype": 2,
      "minebuffer": 30,
      "gasfee": 1,
      "kickseconds": 1200000,
      "initmaxsize": 50000,
      "assetintime": 3,
      "debtceiling": 250000,
      "logcount": 3000,
      "gatekeeper": 0,
      "liquidate": 1,
      "accountslim": 100,
      "mincollat": 111,
      "rexswitch": 100,
      "dataa": 2000000,
      "datab": 1000000,
      "datac": 100,
      "datad": "extrafield11",
      "proxycontr": "vigorrewards",
      "proxypay": "genereospool",
      "dactoken": "dactoken1111",
      "oraclehub": "vigoraclehub",
      "daccustodian": "daccustodia1",
      "vigordacfund": "vigordacfund",
      "finalreserve": "finalreserve",
      "bailoutcr": 110,
      "bailoutupcr": 110,
      "ratesub": 0,
      "liqcut": 50,
      "txnfee": 1,
      "minerfee": 1,
      "lpsxcut": 10,
      "minc": 5,
      "tickfee": 1
    }
  ],
  "more": false,
  "next_key": ""
}
