
  [{
    "solvency": "1.53604270065123338",
    "valueofcol": "380.04303959999998597",
    "valueofins": "151.17043520602365447",
    "scale": "0.82551178413726123",
    "svalueofcole": "0.00000000000000000",
    "svalueofins": "52.75491906058564240",
    "volume": "0.00000000000000000",
    "svalueofcoleavg": "0.00000000000000000",
    "pcts": "1.00000000000000000",
    "savings": "0.01760000000000000",
    "premiums": "0.00006600000000000",
    "rm": "28.73909636777572629",
    "earnrate": "0.00000021179419926",
    "savingsrate": "0.00041489361702128",
    "lastupdate": "2021-04-23T00:51:54.000",
    "fee": "0.0000071794 VIG",
    "availability": [
      "2021-04-23T00:38:38.000",
      "2021-04-23T00:38:38.000",
      "2021-04-23T00:38:38.000",
      "2021-04-23T00:38:38.000",
      "2021-04-23T00:38:38.000",
      "2021-04-23T00:38:38.500",
      "2021-04-23T00:38:38.500",
      "2021-04-23T00:38:38.500",
      "2021-04-23T00:38:38.500",
      "2021-04-23T00:38:38.500"]
    ,
    "totaldebt": "0.0176 VIGOR",
    "insurance": [
      "3000.000 IQ",
      "2.0198386766 VIG",
      "12.0000 EOS"]
    ,
    "collateral": [
      "52.0037 EOS"]
    ,
    "l_solvency": "1.14620920966565509",
    "l_valueofcol": "0.00000000000000000",
    "l_scale": "0.63622053965684688",
    "l_svalueofcole": "0.00000000000000000",
    "l_svalueofins": "433.18236265577377253",
    "l_svalueofcoleavg": "0.00000000000000000",
    "l_pcts": "1.00000000000000000",
    "l_premiums": "0.00000000000000000",
    "l_rm": "334.45905365783454499",
    "l_fee": "0.0000000000 VIG",
    "l_totaldebt": "0.0000 VIGOR",
    "step": 0,
    "ac": 10,
    "savingsscale": "1.30000000000000004",
    "kicktimer": "2021-05-06T21:58:37.000",
    "bailoutuser": "",
    "bailoutupuser": "",
    "bailoutid": 0,
    "rexproxy": 0,
    "rexproxya": 37,
    "rexproxyp": 0,
    "vigfees": 0,
    "totalvalue": "531.21145782842370409",
    "atimer": "2021-04-24T00:50:15",
    "lprewards": "0.00000000000000000",
    "lprewardsa": "0.00000000000000000",
    "lprewardsp": "0.00000000000000000",
    "totalrexvot": "531.21347480602366886",
    "totrewlend": "0.00000000000000000",
    "txnfee": "0.00000000000000000",
    "txnfeea": "0.00000000000000000",
    "txnfeep": "0.00000000000000000",
    "ratesub": "0.00000000000000000",
    "liqcut": "0.00000000000000000",
    "totrewlendsx": "0.00000000000000000",
    "earnrater": "0.00000000000000000",
    "l_collateral":[],
    "test": "0.0176 VIGOR"
  }]

